

Path slack: 0.00239134


Object name: point0	object: _sel372	FullName: point0	RefName: 

Object name: point1	object: _sel373	FullName: point1	RefName: 

Object name: point2	object: _sel374	FullName: point2	RefName: 

Object name: point3	object: _sel375	FullName: point3	RefName: 

Object name: point4	object: _sel376	FullName: point4	RefName: 

Object name: point5	object: _sel377	FullName: point5	RefName: 

Object name: point6	object: _sel378	FullName: point6	RefName: 

Object name: point7	object: _sel379	FullName: point7	RefName: 

Object name: point8	object: _sel380	FullName: point8	RefName: 

Object name: point9	object: _sel381	FullName: point9	RefName: 

Object name: point10	object: _sel382	FullName: point10	RefName: 

Object name: point11	object: _sel383	FullName: point11	RefName: 

Object name: point12	object: _sel384	FullName: point12	RefName: 

Object name: point13	object: _sel385	FullName: point13	RefName: 

Object name: point14	object: _sel386	FullName: point14	RefName: 

Object name: point15	object: _sel387	FullName: point15	RefName: 

Object name: point16	object: _sel388	FullName: point16	RefName: 

Object name: point17	object: _sel389	FullName: point17	RefName: 

Object name: point18	object: _sel390	FullName: point18	RefName: 

Object name: point19	object: _sel391	FullName: point19	RefName: 

Object name: point20	object: _sel392	FullName: point20	RefName: 

Object name: point21	object: _sel393	FullName: point21	RefName: 

Object name: point22	object: _sel394	FullName: point22	RefName: 

Object name: point23	object: _sel395	FullName: point23	RefName: 

Object name: point24	object: _sel396	FullName: point24	RefName: 

Object name: point25	object: _sel397	FullName: point25	RefName: 

Object name: point26	object: _sel398	FullName: point26	RefName: 

Object name: point27	object: _sel399	FullName: point27	RefName: 

Object name: point28	object: _sel400	FullName: point28	RefName: 

Object name: point29	object: _sel401	FullName: point29	RefName: 

Path slack: 0.00255239


Object name: point30	object: _sel404	FullName: point30	RefName: 

Object name: point31	object: _sel405	FullName: point31	RefName: 

Object name: point32	object: _sel406	FullName: point32	RefName: 

Object name: point33	object: _sel407	FullName: point33	RefName: 

Object name: point34	object: _sel408	FullName: point34	RefName: 

Object name: point35	object: _sel409	FullName: point35	RefName: 

Object name: point36	object: _sel410	FullName: point36	RefName: 

Object name: point37	object: _sel411	FullName: point37	RefName: 

Object name: point38	object: _sel412	FullName: point38	RefName: 

Object name: point39	object: _sel413	FullName: point39	RefName: 

Object name: point40	object: _sel414	FullName: point40	RefName: 

Object name: point41	object: _sel415	FullName: point41	RefName: 

Object name: point42	object: _sel416	FullName: point42	RefName: 

Object name: point43	object: _sel417	FullName: point43	RefName: 

Object name: point44	object: _sel418	FullName: point44	RefName: 

Object name: point45	object: _sel419	FullName: point45	RefName: 

Object name: point46	object: _sel420	FullName: point46	RefName: 

Object name: point47	object: _sel421	FullName: point47	RefName: 

Object name: point48	object: _sel422	FullName: point48	RefName: 

Object name: point49	object: _sel423	FullName: point49	RefName: 

Object name: point50	object: _sel424	FullName: point50	RefName: 

Object name: point51	object: _sel425	FullName: point51	RefName: 

Object name: point52	object: _sel426	FullName: point52	RefName: 

Object name: point53	object: _sel427	FullName: point53	RefName: 

Object name: point54	object: _sel428	FullName: point54	RefName: 

Object name: point55	object: _sel429	FullName: point55	RefName: 

Object name: point56	object: _sel430	FullName: point56	RefName: 

Object name: point57	object: _sel431	FullName: point57	RefName: 

Object name: point58	object: _sel432	FullName: point58	RefName: 

Object name: point59	object: _sel433	FullName: point59	RefName: 

Path slack: 0.00264215


Object name: point60	object: _sel436	FullName: point60	RefName: 

Object name: point61	object: _sel437	FullName: point61	RefName: 

Object name: point62	object: _sel438	FullName: point62	RefName: 

Object name: point63	object: _sel439	FullName: point63	RefName: 

Object name: point64	object: _sel440	FullName: point64	RefName: 

Object name: point65	object: _sel441	FullName: point65	RefName: 

Object name: point66	object: _sel442	FullName: point66	RefName: 

Object name: point67	object: _sel443	FullName: point67	RefName: 

Object name: point68	object: _sel444	FullName: point68	RefName: 

Object name: point69	object: _sel445	FullName: point69	RefName: 

Object name: point70	object: _sel446	FullName: point70	RefName: 

Object name: point71	object: _sel447	FullName: point71	RefName: 

Object name: point72	object: _sel448	FullName: point72	RefName: 

Object name: point73	object: _sel449	FullName: point73	RefName: 

Object name: point74	object: _sel450	FullName: point74	RefName: 

Object name: point75	object: _sel451	FullName: point75	RefName: 

Object name: point76	object: _sel452	FullName: point76	RefName: 

Object name: point77	object: _sel453	FullName: point77	RefName: 

Object name: point78	object: _sel454	FullName: point78	RefName: 

Object name: point79	object: _sel455	FullName: point79	RefName: 

Object name: point80	object: _sel456	FullName: point80	RefName: 

Object name: point81	object: _sel457	FullName: point81	RefName: 

Object name: point82	object: _sel458	FullName: point82	RefName: 

Object name: point83	object: _sel459	FullName: point83	RefName: 

Object name: point84	object: _sel460	FullName: point84	RefName: 

Object name: point85	object: _sel461	FullName: point85	RefName: 

Object name: point86	object: _sel462	FullName: point86	RefName: 

Object name: point87	object: _sel463	FullName: point87	RefName: 

Object name: point88	object: _sel464	FullName: point88	RefName: 

Object name: point89	object: _sel465	FullName: point89	RefName: 

Path slack: 0.00278234


Object name: point90	object: _sel468	FullName: point90	RefName: 

Object name: point91	object: _sel469	FullName: point91	RefName: 

Object name: point92	object: _sel470	FullName: point92	RefName: 

Object name: point93	object: _sel471	FullName: point93	RefName: 

Object name: point94	object: _sel472	FullName: point94	RefName: 

Object name: point95	object: _sel473	FullName: point95	RefName: 

Object name: point96	object: _sel474	FullName: point96	RefName: 

Object name: point97	object: _sel475	FullName: point97	RefName: 

Object name: point98	object: _sel476	FullName: point98	RefName: 

Object name: point99	object: _sel477	FullName: point99	RefName: 

Object name: point100	object: _sel478	FullName: point100	RefName: 

Object name: point101	object: _sel479	FullName: point101	RefName: 

Object name: point102	object: _sel480	FullName: point102	RefName: 

Object name: point103	object: _sel481	FullName: point103	RefName: 

Object name: point104	object: _sel482	FullName: point104	RefName: 

Object name: point105	object: _sel483	FullName: point105	RefName: 

Object name: point106	object: _sel484	FullName: point106	RefName: 

Object name: point107	object: _sel485	FullName: point107	RefName: 

Object name: point108	object: _sel486	FullName: point108	RefName: 

Object name: point109	object: _sel487	FullName: point109	RefName: 

Object name: point110	object: _sel488	FullName: point110	RefName: 

Object name: point111	object: _sel489	FullName: point111	RefName: 

Object name: point112	object: _sel490	FullName: point112	RefName: 

Object name: point113	object: _sel491	FullName: point113	RefName: 

Object name: point114	object: _sel492	FullName: point114	RefName: 

Object name: point115	object: _sel493	FullName: point115	RefName: 

Object name: point116	object: _sel494	FullName: point116	RefName: 

Object name: point117	object: _sel495	FullName: point117	RefName: 

Object name: point118	object: _sel496	FullName: point118	RefName: 

Object name: point119	object: _sel497	FullName: point119	RefName: 

Path slack: 0.0029434


Object name: point120	object: _sel500	FullName: point120	RefName: 

Object name: point121	object: _sel501	FullName: point121	RefName: 

Object name: point122	object: _sel502	FullName: point122	RefName: 

Object name: point123	object: _sel503	FullName: point123	RefName: 

Object name: point124	object: _sel504	FullName: point124	RefName: 

Object name: point125	object: _sel505	FullName: point125	RefName: 

Object name: point126	object: _sel506	FullName: point126	RefName: 

Object name: point127	object: _sel507	FullName: point127	RefName: 

Object name: point128	object: _sel508	FullName: point128	RefName: 

Object name: point129	object: _sel509	FullName: point129	RefName: 

Object name: point130	object: _sel510	FullName: point130	RefName: 

Object name: point131	object: _sel511	FullName: point131	RefName: 

Object name: point132	object: _sel512	FullName: point132	RefName: 

Object name: point133	object: _sel513	FullName: point133	RefName: 

Object name: point134	object: _sel514	FullName: point134	RefName: 

Object name: point135	object: _sel515	FullName: point135	RefName: 

Object name: point136	object: _sel516	FullName: point136	RefName: 

Object name: point137	object: _sel517	FullName: point137	RefName: 

Object name: point138	object: _sel518	FullName: point138	RefName: 

Object name: point139	object: _sel519	FullName: point139	RefName: 

Object name: point140	object: _sel520	FullName: point140	RefName: 

Object name: point141	object: _sel521	FullName: point141	RefName: 

Object name: point142	object: _sel522	FullName: point142	RefName: 

Object name: point143	object: _sel523	FullName: point143	RefName: 

Object name: point144	object: _sel524	FullName: point144	RefName: 

Object name: point145	object: _sel525	FullName: point145	RefName: 

Object name: point146	object: _sel526	FullName: point146	RefName: 

Object name: point147	object: _sel527	FullName: point147	RefName: 

Object name: point148	object: _sel528	FullName: point148	RefName: 

Object name: point149	object: _sel529	FullName: point149	RefName: 

Path slack: 0.00303316


Object name: point150	object: _sel532	FullName: point150	RefName: 

Object name: point151	object: _sel533	FullName: point151	RefName: 

Object name: point152	object: _sel534	FullName: point152	RefName: 

Object name: point153	object: _sel535	FullName: point153	RefName: 

Object name: point154	object: _sel536	FullName: point154	RefName: 

Object name: point155	object: _sel537	FullName: point155	RefName: 

Object name: point156	object: _sel538	FullName: point156	RefName: 

Object name: point157	object: _sel539	FullName: point157	RefName: 

Object name: point158	object: _sel540	FullName: point158	RefName: 

Object name: point159	object: _sel541	FullName: point159	RefName: 

Object name: point160	object: _sel542	FullName: point160	RefName: 

Object name: point161	object: _sel543	FullName: point161	RefName: 

Object name: point162	object: _sel544	FullName: point162	RefName: 

Object name: point163	object: _sel545	FullName: point163	RefName: 

Object name: point164	object: _sel546	FullName: point164	RefName: 

Object name: point165	object: _sel547	FullName: point165	RefName: 

Object name: point166	object: _sel548	FullName: point166	RefName: 

Object name: point167	object: _sel549	FullName: point167	RefName: 

Object name: point168	object: _sel550	FullName: point168	RefName: 

Object name: point169	object: _sel551	FullName: point169	RefName: 

Object name: point170	object: _sel552	FullName: point170	RefName: 

Object name: point171	object: _sel553	FullName: point171	RefName: 

Object name: point172	object: _sel554	FullName: point172	RefName: 

Object name: point173	object: _sel555	FullName: point173	RefName: 

Object name: point174	object: _sel556	FullName: point174	RefName: 

Object name: point175	object: _sel557	FullName: point175	RefName: 

Object name: point176	object: _sel558	FullName: point176	RefName: 

Object name: point177	object: _sel559	FullName: point177	RefName: 

Object name: point178	object: _sel560	FullName: point178	RefName: 

Object name: point179	object: _sel561	FullName: point179	RefName: 

Path slack: 0.00369501


Object name: point180	object: _sel564	FullName: point180	RefName: 

Object name: point181	object: _sel565	FullName: point181	RefName: 

Object name: point182	object: _sel566	FullName: point182	RefName: 

Object name: point183	object: _sel567	FullName: point183	RefName: 

Object name: point184	object: _sel568	FullName: point184	RefName: 

Object name: point185	object: _sel569	FullName: point185	RefName: 

Object name: point186	object: _sel570	FullName: point186	RefName: 

Object name: point187	object: _sel571	FullName: point187	RefName: 

Object name: point188	object: _sel572	FullName: point188	RefName: 

Object name: point189	object: _sel573	FullName: point189	RefName: 

Object name: point190	object: _sel574	FullName: point190	RefName: 

Object name: point191	object: _sel575	FullName: point191	RefName: 

Object name: point192	object: _sel576	FullName: point192	RefName: 

Object name: point193	object: _sel577	FullName: point193	RefName: 

Object name: point194	object: _sel578	FullName: point194	RefName: 

Object name: point195	object: _sel579	FullName: point195	RefName: 

Object name: point196	object: _sel580	FullName: point196	RefName: 

Object name: point197	object: _sel581	FullName: point197	RefName: 

Object name: point198	object: _sel582	FullName: point198	RefName: 

Object name: point199	object: _sel583	FullName: point199	RefName: 

Object name: point200	object: _sel584	FullName: point200	RefName: 

Object name: point201	object: _sel585	FullName: point201	RefName: 

Object name: point202	object: _sel586	FullName: point202	RefName: 

Object name: point203	object: _sel587	FullName: point203	RefName: 

Object name: point204	object: _sel588	FullName: point204	RefName: 

Object name: point205	object: _sel589	FullName: point205	RefName: 

Object name: point206	object: _sel590	FullName: point206	RefName: 

Object name: point207	object: _sel591	FullName: point207	RefName: 

Object name: point208	object: _sel592	FullName: point208	RefName: 

Object name: point209	object: _sel593	FullName: point209	RefName: 

Path slack: 0.00385606


Object name: point210	object: _sel596	FullName: point210	RefName: 

Object name: point211	object: _sel597	FullName: point211	RefName: 

Object name: point212	object: _sel598	FullName: point212	RefName: 

Object name: point213	object: _sel599	FullName: point213	RefName: 

Object name: point214	object: _sel600	FullName: point214	RefName: 

Object name: point215	object: _sel601	FullName: point215	RefName: 

Object name: point216	object: _sel602	FullName: point216	RefName: 

Object name: point217	object: _sel603	FullName: point217	RefName: 

Object name: point218	object: _sel604	FullName: point218	RefName: 

Object name: point219	object: _sel605	FullName: point219	RefName: 

Object name: point220	object: _sel606	FullName: point220	RefName: 

Object name: point221	object: _sel607	FullName: point221	RefName: 

Object name: point222	object: _sel608	FullName: point222	RefName: 

Object name: point223	object: _sel609	FullName: point223	RefName: 

Object name: point224	object: _sel610	FullName: point224	RefName: 

Object name: point225	object: _sel611	FullName: point225	RefName: 

Object name: point226	object: _sel612	FullName: point226	RefName: 

Object name: point227	object: _sel613	FullName: point227	RefName: 

Object name: point228	object: _sel614	FullName: point228	RefName: 

Object name: point229	object: _sel615	FullName: point229	RefName: 

Object name: point230	object: _sel616	FullName: point230	RefName: 

Object name: point231	object: _sel617	FullName: point231	RefName: 

Object name: point232	object: _sel618	FullName: point232	RefName: 

Object name: point233	object: _sel619	FullName: point233	RefName: 

Object name: point234	object: _sel620	FullName: point234	RefName: 

Object name: point235	object: _sel621	FullName: point235	RefName: 

Object name: point236	object: _sel622	FullName: point236	RefName: 

Object name: point237	object: _sel623	FullName: point237	RefName: 

Object name: point238	object: _sel624	FullName: point238	RefName: 

Object name: point239	object: _sel625	FullName: point239	RefName: 

Path slack: 0.00394177


Object name: point240	object: _sel628	FullName: point240	RefName: 

Object name: point241	object: _sel629	FullName: point241	RefName: 

Object name: point242	object: _sel630	FullName: point242	RefName: 

Object name: point243	object: _sel631	FullName: point243	RefName: 

Object name: point244	object: _sel632	FullName: point244	RefName: 

Object name: point245	object: _sel633	FullName: point245	RefName: 

Object name: point246	object: _sel634	FullName: point246	RefName: 

Object name: point247	object: _sel635	FullName: point247	RefName: 

Object name: point248	object: _sel636	FullName: point248	RefName: 

Object name: point249	object: _sel637	FullName: point249	RefName: 

Object name: point250	object: _sel638	FullName: point250	RefName: 

Object name: point251	object: _sel639	FullName: point251	RefName: 

Object name: point252	object: _sel640	FullName: point252	RefName: 

Object name: point253	object: _sel641	FullName: point253	RefName: 

Object name: point254	object: _sel642	FullName: point254	RefName: 

Object name: point255	object: _sel643	FullName: point255	RefName: 

Object name: point256	object: _sel644	FullName: point256	RefName: 

Object name: point257	object: _sel645	FullName: point257	RefName: 

Object name: point258	object: _sel646	FullName: point258	RefName: 

Object name: point259	object: _sel647	FullName: point259	RefName: 

Object name: point260	object: _sel648	FullName: point260	RefName: 

Object name: point261	object: _sel649	FullName: point261	RefName: 

Object name: point262	object: _sel650	FullName: point262	RefName: 

Object name: point263	object: _sel651	FullName: point263	RefName: 

Object name: point264	object: _sel652	FullName: point264	RefName: 

Object name: point265	object: _sel653	FullName: point265	RefName: 

Object name: point266	object: _sel654	FullName: point266	RefName: 

Object name: point267	object: _sel655	FullName: point267	RefName: 

Object name: point268	object: _sel656	FullName: point268	RefName: 

Object name: point269	object: _sel657	FullName: point269	RefName: 

Path slack: 0.00394416


Object name: point270	object: _sel660	FullName: point270	RefName: 

Object name: point271	object: _sel661	FullName: point271	RefName: 

Object name: point272	object: _sel662	FullName: point272	RefName: 

Object name: point273	object: _sel663	FullName: point273	RefName: 

Object name: point274	object: _sel664	FullName: point274	RefName: 

Object name: point275	object: _sel665	FullName: point275	RefName: 

Object name: point276	object: _sel666	FullName: point276	RefName: 

Object name: point277	object: _sel667	FullName: point277	RefName: 

Object name: point278	object: _sel668	FullName: point278	RefName: 

Object name: point279	object: _sel669	FullName: point279	RefName: 

Object name: point280	object: _sel670	FullName: point280	RefName: 

Object name: point281	object: _sel671	FullName: point281	RefName: 

Object name: point282	object: _sel672	FullName: point282	RefName: 

Object name: point283	object: _sel673	FullName: point283	RefName: 

Object name: point284	object: _sel674	FullName: point284	RefName: 

Object name: point285	object: _sel675	FullName: point285	RefName: 

Object name: point286	object: _sel676	FullName: point286	RefName: 

Object name: point287	object: _sel677	FullName: point287	RefName: 

Object name: point288	object: _sel678	FullName: point288	RefName: 

Object name: point289	object: _sel679	FullName: point289	RefName: 

Object name: point290	object: _sel680	FullName: point290	RefName: 

Object name: point291	object: _sel681	FullName: point291	RefName: 

Object name: point292	object: _sel682	FullName: point292	RefName: 

Object name: point293	object: _sel683	FullName: point293	RefName: 

Object name: point294	object: _sel684	FullName: point294	RefName: 

Object name: point295	object: _sel685	FullName: point295	RefName: 

Object name: point296	object: _sel686	FullName: point296	RefName: 

Object name: point297	object: _sel687	FullName: point297	RefName: 

Object name: point298	object: _sel688	FullName: point298	RefName: 

Object name: point299	object: _sel689	FullName: point299	RefName: 

Object name: point300	object: _sel690	FullName: point300	RefName: 

Object name: point301	object: _sel691	FullName: point301	RefName: 