********************************************************************************
                        Threshold Voltage Group Report                         

Vth Group                All                Blackbox           Non-blackbox
Name                    cells                cells                cells
********************************************************************************
HVT                   106  (77.94%)          0   (0.00%)        106  (77.94%)   
LVT                    30  (22.06%)          0   (0.00%)         30  (22.06%)   
********************************************************************************
Total                 136 (100.00%)          0   (0.00%)        136 (100.00%)   

Vth Group                All                Blackbox           Non-blackbox
Name                  cell area            cell area            cell area
********************************************************************************
HVT                242.32  (70.29%)       0.00   (0.00%)     242.32  (70.29%)   
LVT                102.44  (29.71%)       0.00   (0.00%)     102.44  (29.71%)   
********************************************************************************
Total              344.76 (100.00%)       0.00   (0.00%)     344.76 (100.00%)   
1
