Warning: The hierarchical cell 'U178' is an empty cell (PWR-278)
Warning: The hierarchical cell 'U177' is an empty cell (PWR-278)
Warning: The hierarchical cell 'U179' is an empty cell (PWR-278)
Warning: The hierarchical cell 'U283' is an empty cell (PWR-278)
Warning: The hierarchical cell 'U280' is an empty cell (PWR-278)
Warning: The hierarchical cell 'U182' is an empty cell (PWR-278)
Warning: The hierarchical cell 'U184' is an empty cell (PWR-278)
Warning: The hierarchical cell 'U183' is an empty cell (PWR-278)
Warning: The hierarchical cell 'U185' is an empty cell (PWR-278)
Warning: The hierarchical cell 'U187' is an empty cell (PWR-278)
Warning: The hierarchical cell 'U186' is an empty cell (PWR-278)
Warning: The hierarchical cell 'U188' is an empty cell (PWR-278)
Warning: The hierarchical cell 'U345' is an empty cell (PWR-278)
Warning: The hierarchical cell 'U189' is an empty cell (PWR-278)
Warning: The hierarchical cell 'U291' is an empty cell (PWR-278)
Warning: The hierarchical cell 'U252' is an empty cell (PWR-278)
Warning: The hierarchical cell 'U192' is an empty cell (PWR-278)
Warning: The hierarchical cell 'U194' is an empty cell (PWR-278)
Warning: The hierarchical cell 'U195' is an empty cell (PWR-278)
Warning: The hierarchical cell 'U250' is an empty cell (PWR-278)
Warning: The hierarchical cell 'U351' is an empty cell (PWR-278)
Warning: The hierarchical cell 'U352' is an empty cell (PWR-278)
Warning: The hierarchical cell 'U354' is an empty cell (PWR-278)
Warning: The hierarchical cell 'U199' is an empty cell (PWR-278)
Warning: The hierarchical cell 'U356' is an empty cell (PWR-278)
Warning: The hierarchical cell 'U202' is an empty cell (PWR-278)
Warning: The hierarchical cell 'U203' is an empty cell (PWR-278)
Warning: The hierarchical cell 'U205' is an empty cell (PWR-278)
Warning: The hierarchical cell 'U204' is an empty cell (PWR-278)
Warning: The hierarchical cell 'U207' is an empty cell (PWR-278)
Warning: The hierarchical cell 'U206' is an empty cell (PWR-278)
Warning: The hierarchical cell 'U310' is an empty cell (PWR-278)
Warning: The hierarchical cell 'U208' is an empty cell (PWR-278)
Warning: The hierarchical cell 'U209' is an empty cell (PWR-278)
Warning: The hierarchical cell 'U312' is an empty cell (PWR-278)
Warning: The hierarchical cell 'U269' is an empty cell (PWR-278)
Warning: The hierarchical cell 'U212' is an empty cell (PWR-278)
Warning: The hierarchical cell 'U213' is an empty cell (PWR-278)
Warning: The hierarchical cell 'U214' is an empty cell (PWR-278)
Warning: The hierarchical cell 'U216' is an empty cell (PWR-278)
Warning: The hierarchical cell 'U217' is an empty cell (PWR-278)
Warning: The hierarchical cell 'U320' is an empty cell (PWR-278)
Warning: The hierarchical cell 'U218' is an empty cell (PWR-278)
Warning: The hierarchical cell 'U219' is an empty cell (PWR-278)
Warning: The hierarchical cell 'U328' is an empty cell (PWR-278)
Warning: The hierarchical cell 'U279' is an empty cell (PWR-278)
Warning: The hierarchical cell 'U222' is an empty cell (PWR-278)
Warning: The hierarchical cell 'U223' is an empty cell (PWR-278)
Warning: The hierarchical cell 'U225' is an empty cell (PWR-278)
Warning: The hierarchical cell 'U332' is an empty cell (PWR-278)
Warning: The hierarchical cell 'U226' is an empty cell (PWR-278)
Warning: The hierarchical cell 'U227' is an empty cell (PWR-278)
Warning: The hierarchical cell 'U228' is an empty cell (PWR-278)
Warning: The hierarchical cell 'U175' is an empty cell (PWR-278)
Warning: The hierarchical cell 'U330' is an empty cell (PWR-278)
Warning: The hierarchical cell 'U289' is an empty cell (PWR-278)
Warning: The hierarchical cell 'U232' is an empty cell (PWR-278)
Warning: The hierarchical cell 'U236' is an empty cell (PWR-278)
Warning: The hierarchical cell 'U234' is an empty cell (PWR-278)
Warning: The hierarchical cell 'U237' is an empty cell (PWR-278)
Warning: The hierarchical cell 'U238' is an empty cell (PWR-278)
Warning: The hierarchical cell 'U239' is an empty cell (PWR-278)
Warning: The hierarchical cell 'U340' is an empty cell (PWR-278)
Warning: The hierarchical cell 'U180' is an empty cell (PWR-278)
Warning: The hierarchical cell 'U241' is an empty cell (PWR-278)
Warning: The hierarchical cell 'U244' is an empty cell (PWR-278)
Warning: The hierarchical cell 'U246' is an empty cell (PWR-278)
Warning: The hierarchical cell 'U193' is an empty cell (PWR-278)
Warning: The hierarchical cell 'U245' is an empty cell (PWR-278)
Warning: The hierarchical cell 'U247' is an empty cell (PWR-278)
Warning: The hierarchical cell 'U191' is an empty cell (PWR-278)
Warning: The hierarchical cell 'U248' is an empty cell (PWR-278)
Warning: The hierarchical cell 'U249' is an empty cell (PWR-278)
Warning: The hierarchical cell 'U350' is an empty cell (PWR-278)
Warning: The hierarchical cell 'U251' is an empty cell (PWR-278)
Warning: The hierarchical cell 'U253' is an empty cell (PWR-278)
Warning: The hierarchical cell 'U254' is an empty cell (PWR-278)
Warning: The hierarchical cell 'U261' is an empty cell (PWR-278)
Warning: The hierarchical cell 'U256' is an empty cell (PWR-278)
Warning: The hierarchical cell 'U258' is an empty cell (PWR-278)
Warning: The hierarchical cell 'U257' is an empty cell (PWR-278)
Warning: The hierarchical cell 'U329' is an empty cell (PWR-278)
Warning: The hierarchical cell 'U259' is an empty cell (PWR-278)
Warning: The hierarchical cell 'U201' is an empty cell (PWR-278)
Warning: The hierarchical cell 'U264' is an empty cell (PWR-278)
Warning: The hierarchical cell 'U262' is an empty cell (PWR-278)
Warning: The hierarchical cell 'U263' is an empty cell (PWR-278)
Warning: The hierarchical cell 'U324' is an empty cell (PWR-278)
Warning: The hierarchical cell 'U265' is an empty cell (PWR-278)
Warning: The hierarchical cell 'U266' is an empty cell (PWR-278)
Warning: The hierarchical cell 'U267' is an empty cell (PWR-278)
Warning: The hierarchical cell 'U268' is an empty cell (PWR-278)
Warning: The hierarchical cell 'U210' is an empty cell (PWR-278)
Warning: The hierarchical cell 'U211' is an empty cell (PWR-278)
Warning: The hierarchical cell 'U273' is an empty cell (PWR-278)
Warning: The hierarchical cell 'U272' is an empty cell (PWR-278)
Warning: The hierarchical cell 'U274' is an empty cell (PWR-278)
Warning: The hierarchical cell 'U275' is an empty cell (PWR-278)
Warning: The hierarchical cell 'U276' is an empty cell (PWR-278)
Warning: The hierarchical cell 'U176' is an empty cell (PWR-278)
Warning: The hierarchical cell 'U277' is an empty cell (PWR-278)
Warning: The hierarchical cell 'U278' is an empty cell (PWR-278)
Warning: The hierarchical cell 'U224' is an empty cell (PWR-278)
Warning: The hierarchical cell 'U221' is an empty cell (PWR-278)
Warning: The hierarchical cell 'U281' is an empty cell (PWR-278)
Warning: The hierarchical cell 'U282' is an empty cell (PWR-278)
Warning: The hierarchical cell 'U235' is an empty cell (PWR-278)
Warning: The hierarchical cell 'U284' is an empty cell (PWR-278)
Warning: The hierarchical cell 'U285' is an empty cell (PWR-278)
Warning: The hierarchical cell 'U231' is an empty cell (PWR-278)
Warning: The hierarchical cell 'U287' is an empty cell (PWR-278)
Warning: The hierarchical cell 'U288' is an empty cell (PWR-278)
Warning: The hierarchical cell 'U230' is an empty cell (PWR-278)
Warning: The hierarchical cell 'U233' is an empty cell (PWR-278)
Warning: The hierarchical cell 'U294' is an empty cell (PWR-278)
Warning: The hierarchical cell 'U292' is an empty cell (PWR-278)
Warning: The hierarchical cell 'U242' is an empty cell (PWR-278)
Warning: The hierarchical cell 'U190' is an empty cell (PWR-278)
Warning: The hierarchical cell 'U240' is an empty cell (PWR-278)
Warning: The hierarchical cell 'U296' is an empty cell (PWR-278)
Warning: The hierarchical cell 'U297' is an empty cell (PWR-278)
Warning: The hierarchical cell 'U298' is an empty cell (PWR-278)
Warning: The hierarchical cell 'U299' is an empty cell (PWR-278)
Warning: The hierarchical cell 'U243' is an empty cell (PWR-278)
Warning: The hierarchical cell 'U301' is an empty cell (PWR-278)
Warning: The hierarchical cell 'U302' is an empty cell (PWR-278)
Warning: The hierarchical cell 'U303' is an empty cell (PWR-278)
Warning: The hierarchical cell 'U304' is an empty cell (PWR-278)
Warning: The hierarchical cell 'U305' is an empty cell (PWR-278)
Warning: The hierarchical cell 'U306' is an empty cell (PWR-278)
Warning: The hierarchical cell 'U307' is an empty cell (PWR-278)
Warning: The hierarchical cell 'U308' is an empty cell (PWR-278)
Warning: The hierarchical cell 'U309' is an empty cell (PWR-278)
Warning: The hierarchical cell 'U200' is an empty cell (PWR-278)
Warning: The hierarchical cell 'U311' is an empty cell (PWR-278)
Warning: The hierarchical cell 'U215' is an empty cell (PWR-278)
Warning: The hierarchical cell 'U313' is an empty cell (PWR-278)
Warning: The hierarchical cell 'U314' is an empty cell (PWR-278)
Warning: The hierarchical cell 'U315' is an empty cell (PWR-278)
Warning: The hierarchical cell 'U316' is an empty cell (PWR-278)
Warning: The hierarchical cell 'U317' is an empty cell (PWR-278)
Warning: The hierarchical cell 'U318' is an empty cell (PWR-278)
Warning: The hierarchical cell 'U319' is an empty cell (PWR-278)
Warning: The hierarchical cell 'U260' is an empty cell (PWR-278)
Warning: The hierarchical cell 'U321' is an empty cell (PWR-278)
Warning: The hierarchical cell 'U322' is an empty cell (PWR-278)
Warning: The hierarchical cell 'U323' is an empty cell (PWR-278)
Warning: The hierarchical cell 'U326' is an empty cell (PWR-278)
Warning: The hierarchical cell 'U270' is an empty cell (PWR-278)
Warning: The hierarchical cell 'U344' is an empty cell (PWR-278)
Warning: The hierarchical cell 'U327' is an empty cell (PWR-278)
Warning: The hierarchical cell 'U271' is an empty cell (PWR-278)
Warning: The hierarchical cell 'U220' is an empty cell (PWR-278)
Warning: The hierarchical cell 'U229' is an empty cell (PWR-278)
Warning: The hierarchical cell 'U331' is an empty cell (PWR-278)
Warning: The hierarchical cell 'U181' is an empty cell (PWR-278)
Warning: The hierarchical cell 'U333' is an empty cell (PWR-278)
Warning: The hierarchical cell 'U334' is an empty cell (PWR-278)
Warning: The hierarchical cell 'U335' is an empty cell (PWR-278)
Warning: The hierarchical cell 'U336' is an empty cell (PWR-278)
Warning: The hierarchical cell 'U337' is an empty cell (PWR-278)
Warning: The hierarchical cell 'U338' is an empty cell (PWR-278)
Warning: The hierarchical cell 'U339' is an empty cell (PWR-278)
Warning: The hierarchical cell 'U286' is an empty cell (PWR-278)
Warning: The hierarchical cell 'U341' is an empty cell (PWR-278)
Warning: The hierarchical cell 'U342' is an empty cell (PWR-278)
Warning: The hierarchical cell 'U343' is an empty cell (PWR-278)
Warning: The hierarchical cell 'U346' is an empty cell (PWR-278)
Warning: The hierarchical cell 'U293' is an empty cell (PWR-278)
Warning: The hierarchical cell 'U349' is an empty cell (PWR-278)
Warning: The hierarchical cell 'U347' is an empty cell (PWR-278)
Warning: The hierarchical cell 'U348' is an empty cell (PWR-278)
Warning: The hierarchical cell 'U290' is an empty cell (PWR-278)
Warning: The hierarchical cell 'U295' is an empty cell (PWR-278)
Warning: The hierarchical cell 'U197' is an empty cell (PWR-278)
Warning: The hierarchical cell 'U196' is an empty cell (PWR-278)
Warning: The hierarchical cell 'U353' is an empty cell (PWR-278)
Warning: The hierarchical cell 'U198' is an empty cell (PWR-278)
Warning: The hierarchical cell 'U355' is an empty cell (PWR-278)
Warning: The hierarchical cell 'U357' is an empty cell (PWR-278)
Warning: The hierarchical cell 'U358' is an empty cell (PWR-278)
Warning: The hierarchical cell 'U255' is an empty cell (PWR-278)
Warning: The hierarchical cell 'U300' is an empty cell (PWR-278)
Warning: The hierarchical cell 'U325' is an empty cell (PWR-278)
Warning: Neither event file or switching activity data present for power estimation. The command will propagate switching activity values for power calculation.  (PWR-246)
Error: The design was not successfully linked. Please check if the link path is set and the libraries are installed properly. (PLIB-162)
Error: The design was not successfully linked. Please check if the link path is set and the libraries are installed properly. (PLIB-162)
Error: Power is not calculated. Please run update_power before report_power.  (PRPT-115)
0
