 
****************************************
Report : power
        -analysis_effort low
Design : aes_cipher_top
Version: J-2014.09-SP2
Date   : Sun Jun 11 12:32:52 2017
****************************************


Library(s) Used:

    CORE65LPSVT (File: /space/s242094/lab/WORK_SYNTHESIS/tech/STcmos65/CORE65LPSVT_nom_1.20V_25C.db)


Operating Conditions: nom_1.20V_25C   Library: CORE65LPSVT
Wire Load Model Mode: enclosed

Design        Wire Load Model            Library
------------------------------------------------
aes_cipher_top         area_12Kto18K     CORE65LPSVT


Global Operating Voltage = 1.2  
Power-specific unit information :
    Voltage Units = 1V
    Capacitance Units = 1.000000pf
    Time Units = 1ns
    Dynamic Power Units = 1mW    (derived from V,C,T units)
    Leakage Power Units = 1mW


  Cell Internal Power  = 1.975326 mW   (55%)
  Net Switching Power  = 1.620879 mW   (45%)
                         ---------
Total Dynamic Power    = 3.596205 mW  (100%)

Cell Leakage Power     =   1.4984 uW


                 Internal         Switching           Leakage            Total
Power Group      Power            Power               Power              Power   (   %    )  Attrs
--------------------------------------------------------------------------------------------------
io_pad           0.000000          0.000000          0.000000          0.000000  (   0.00%)
memory           0.000000          0.000000          0.000000          0.000000  (   0.00%)
black_box        0.000000          0.000000          0.000000          0.000000  (   0.00%)
clock_network    0.000000          0.000000          0.000000          0.000000  (   0.00%)
register         1.494035          0.554343        3.611032e-04          2.048740
                                                                                 (  56.95%)
sequential       0.000000          0.000000          0.000000          0.000000  (   0.00%)
combinational    0.481291          1.066539        1.137289e-03          1.548967
                                                                                 (  43.05%)
--------------------------------------------------------------------------------------------------
Total            1.975327 mW       1.620882 mW     1.498392e-03 mW       3.597708 mW
1
